root@server:/opt# ./ps-1.sh
  PID   PPID  Status   Name
    1      0     S     (systemd)
    2      0     S     (kthreadd)
    3      2     S     (pool_workqueue_release)
    4      2     I     (kworker/R-rcu_g)
    5      2     I     (kworker/R-rcu_p)
    6      2     I     (kworker/R-slub_)
    7      2     I     (kworker/R-netns)
    8      2     I     (kworker/0:0-rcu_gp)
    9      2     I     (kworker/0:1-events)
   10      2     I     (kworker/0:0H-kblockd)
   11      2     I     (kworker/u4:0-ext4-rsv-conversion)
   12      2     I     (kworker/R-mm_pe)
   13      2     I     (rcu_tasks_kthread)
   14      2     I     (rcu_tasks_rude_kthread)
   15      2     I     (rcu_tasks_trace_kthread)
   16      2     S     (ksoftirqd/0)
   17      2     I     (rcu_preempt)
   18      2     S     (migration/0)
   19      2     S     (idle_inject/0)
   20      2     S     (cpuhp/0)
   21      2     S     (cpuhp/1)
   22      2     S     (idle_inject/1)
   23      2     S     (migration/1)
   24      2     S     (ksoftirqd/1)
   25      2     I     (kworker/1:0-cgroup_free)
   26      2     I     (kworker/1:0H-kblockd)
   27      2     I     (kworker/u5:0-events_unbound)
   28      2     I     (kworker/u6:0-flush-252:0)
   29      2     S     (kdevtmpfs)
   30      2     I     (kworker/R-inet_)
   31      2     S     (kauditd)
   32      2     S     (khungtaskd)
   33      2     S     (oom_reaper)
   34      2     I     (kworker/R-write)
   35      2     S     (kcompactd0)
   36      2     I     (kworker/u5:1-events_power_efficient)
   37      2     I     (kworker/u5:2-events_power_efficient)
   38      2     S     (ksmd)
   39      2     S     (khugepaged)
   40      2     I     (kworker/R-kinte)
   41      2     I     (kworker/R-kbloc)
   42      2     I     (kworker/R-blkcg)
   43      2     S     (irq/9-acpi)
   44      2     I     (kworker/R-tpm_d)
   45      2     I     (kworker/R-ata_s)
   46      2     I     (kworker/R-md)
   47      2     I     (kworker/R-md_bi)
   48      2     I     (kworker/R-edac-)
   49      2     I     (kworker/R-devfr)
   50      2     S     (watchdogd)
   51      2     I     (kworker/R-quota)
   52      2     I     (kworker/1:1-cgwb_release)
   53      2     I     (kworker/0:1H-kblockd)
   54      2     S     (kswapd0)
   55      2     S     (ecryptfs-kthread)
   56      2     I     (kworker/R-kthro)
   57      2     I     (kworker/R-acpi_)
   58      2     S     (scsi_eh_0)
   59      2     I     (kworker/R-scsi_)
   60      2     S     (scsi_eh_1)
   61      2     I     (kworker/R-scsi_)
   62      2     I     (kworker/u5:3-events_unbound)
   63      2     I     (kworker/u5:4)
   64      2     I     (kworker/R-mld)
   65      2     I     (kworker/R-ipv6_)
   66      2     I     (kworker/u4:1-ext4-rsv-conversion)
   73      2     I     (kworker/R-kstrp)
   75      2     I     (kworker/u7:0)
   76      2     I     (kworker/u8:0)
   77      2     I     (kworker/u9:0)
   81      2     I     (kworker/u6:1-events_unbound)
   83      2     I     (kworker/R-crypt)
   84      2     I     (kworker/u6:2-events_unbound)
   85      2     I     (kworker/1:2-cgroup_bpf_destroy)
   86      2     I     (kworker/1:1H-kblockd)
   87      2     I     (kworker/0:2-cgroup_free)
   96      2     I     (kworker/R-charg)
  145      2     I     (kworker/1:3-events)
  146      2     S     (scsi_eh_2)
  147      2     I     (kworker/R-scsi_)
  168      2     I     (kworker/u6:3-flush-252:0)
  180      2     I     (kworker/R-kdmfl)
  209      2     I     (kworker/R-raid5)
  232      2     I     (kworker/0:2H-kblockd)
  249      2     S     (jbd2/dm-0-8)
  250      2     I     (kworker/R-ext4-)
  317      1     S     (systemd-journal)
  340      2     I     (kworker/R-kmpat)
  341      2     I     (kworker/R-kmpat)
  360      2     I     (kworker/1:4-cgroup_bpf_destroy)
  371      1     S     (multipathd)
  390      1     S     (systemd-udevd)
  396      2     S     (psimon)
  464      2     S     (irq/18-vmwgfx)
  465      2     I     (kworker/R-ttm)
  531      2     S     (jbd2/sda2-8)
  532      2     I     (kworker/R-ext4-)
  566      1     S     (systemd-network)
  583      1     S     (systemd-resolve)
  585      1     S     (systemd-timesyn)
  610      2     I     (kworker/0:3-cgroup_release)
  623      2     I     (kworker/R-cfg80)
  696      1     S     (dbus-daemon)
  706      1     S     (polkitd)
  733      1     S     (systemd-logind)
  734      1     S     (udisksd)
  752      1     S     (unattended-upgr)
  787      1     S     (rsyslogd)
  819      2     I     (kworker/u4:2)
  828      1     S     (ModemManager)
  903      1     S     (cron)
  912      1     S     (login)
 1034      2     S     (psimon)
 1036      1     S     (systemd)
 1037   1036     S     ((sd-pam))
 1050    912     S     (bash)
 1059   1050     S     (nano)
 1060      2     I     (kworker/u6:4-events_unbound)
 1063      1     S     (sshd)
 1064   1063     S     (sshd)
 1110   1064     R     (sshd)
 1111   1110     S     (bash)
 1125   1111     S     (sudo)
 1126   1125     S     (sudo)
 1127   1126     S     (su)
 1128   1127     S     (bash)
 1136   1063     S     (sshd)
 1182   1136     S     (sshd)
 1183   1182     S     (bash)
 1192   1183     S     (nano)
 1195   1128     S     (ps-1.sh)
 1196   1195     S     (find)
 1197   1195     R     (awk)
