root@server:/opt# ./ps-2.sh
  PID   PPID  Status       User          TTY           Name
    1      0    S       root             ?      [systemd]                       /usr/lib/systemd/systemd
    2      0    S       root             ?      [kthreadd]
    3      2    S       root             ?      [pool_workqueue_release]
    4      2    I       root             ?      [kworker/R-rcu_g]
    5      2    I       root             ?      [kworker/R-rcu_p]
    6      2    I       root             ?      [kworker/R-slub_]
    7      2    I       root             ?      [kworker/R-netns]
    8      2    I       root             ?      [kworker/0:0-rcu_gp]
    9      2    I       root             ?      [kworker/0:1-events]
   10      2    I       root             ?      [kworker/0:0H-kblockd]
   11      2    I       root             ?      [kworker/u4:0-ext4-rsv-conversion]
   12      2    I       root             ?      [kworker/R-mm_pe]
   13      2    I       root             ?      [rcu_tasks_kthread]
   14      2    I       root             ?      [rcu_tasks_rude_kthread]
   15      2    I       root             ?      [rcu_tasks_trace_kthread]
   16      2    S       root             ?      [ksoftirqd/0]
   17      2    I       root             ?      [rcu_preempt]
   18      2    S       root             ?      [migration/0]
   19      2    S       root             ?      [idle_inject/0]
   20      2    S       root             ?      [cpuhp/0]
   21      2    S       root             ?      [cpuhp/1]
   22      2    S       root             ?      [idle_inject/1]
   23      2    S       root             ?      [migration/1]
   24      2    S       root             ?      [ksoftirqd/1]
   25      2    I       root             ?      [kworker/1:0-cgroup_free]
   26      2    I       root             ?      [kworker/1:0H-kblockd]
   27      2    I       root             ?      [kworker/u5:0-events_unbound]
   28      2    I       root             ?      [kworker/u6:0-flush-252:0]
   29      2    S       root             ?      [kdevtmpfs]
   30      2    I       root             ?      [kworker/R-inet_]
   31      2    S       root             ?      [kauditd]
   32      2    S       root             ?      [khungtaskd]
   33      2    S       root             ?      [oom_reaper]
   34      2    I       root             ?      [kworker/R-write]
   35      2    S       root             ?      [kcompactd0]
   36      2    I       root             ?      [kworker/u5:1-events_unbound]
   37      2    I       root             ?      [kworker/u5:2-events_power_efficient]
   38      2    S       root             ?      [ksmd]
   39      2    S       root             ?      [khugepaged]
   40      2    I       root             ?      [kworker/R-kinte]
   41      2    I       root             ?      [kworker/R-kbloc]
   42      2    I       root             ?      [kworker/R-blkcg]
   43      2    S       root             ?      [irq/9-acpi]
   44      2    I       root             ?      [kworker/R-tpm_d]
   45      2    I       root             ?      [kworker/R-ata_s]
   46      2    I       root             ?      [kworker/R-md]
   47      2    I       root             ?      [kworker/R-md_bi]
   48      2    I       root             ?      [kworker/R-edac-]
   49      2    I       root             ?      [kworker/R-devfr]
   50      2    S       root             ?      [watchdogd]
   51      2    I       root             ?      [kworker/R-quota]
   52      2    I       root             ?      [kworker/1:1-cgwb_release]
   53      2    I       root             ?      [kworker/0:1H-kblockd]
   54      2    S       root             ?      [kswapd0]
   55      2    S       root             ?      [ecryptfs-kthread]
   56      2    I       root             ?      [kworker/R-kthro]
   57      2    I       root             ?      [kworker/R-acpi_]
   58      2    S       root             ?      [scsi_eh_0]
   59      2    I       root             ?      [kworker/R-scsi_]
   60      2    S       root             ?      [scsi_eh_1]
   61      2    I       root             ?      [kworker/R-scsi_]
   62      2    I       root             ?      [kworker/u5:3-events_unbound]
   63      2    I       root             ?      [kworker/u5:4]
   64      2    I       root             ?      [kworker/R-mld]
   65      2    I       root             ?      [kworker/R-ipv6_]
   66      2    I       root             ?      [kworker/u4:1-ipv6_addrconf]
   73      2    I       root             ?      [kworker/R-kstrp]
   75      2    I       root             ?      [kworker/u7:0]
   76      2    I       root             ?      [kworker/u8:0]
   77      2    I       root             ?      [kworker/u9:0]
   81      2    I       root             ?      [kworker/u6:1-events_power_efficient]
   83      2    I       root             ?      [kworker/R-crypt]
   84      2    I       root             ?      [kworker/u6:2-events_power_efficient]
   85      2    I       root             ?      [kworker/1:2-cgroup_bpf_destroy]
   86      2    I       root             ?      [kworker/1:1H-kblockd]
   87      2    I       root             ?      [kworker/0:2-cgroup_free]
   96      2    I       root             ?      [kworker/R-charg]
  145      2    I       root             ?      [kworker/1:3-events]
  146      2    S       root             ?      [scsi_eh_2]
  147      2    I       root             ?      [kworker/R-scsi_]
  168      2    I       root             ?      [kworker/u6:3-flush-252:0]
  180      2    I       root             ?      [kworker/R-kdmfl]
  209      2    I       root             ?      [kworker/R-raid5]
  232      2    I       root             ?      [kworker/0:2H-kblockd]
  249      2    S       root             ?      [jbd2/dm-0-8]
  250      2    I       root             ?      [kworker/R-ext4-]
  317      1    S       root             ?      [systemd-journal]               /usr/lib/systemd/systemd-journald
  340      2    I       root             ?      [kworker/R-kmpat]
  341      2    I       root             ?      [kworker/R-kmpat]
  360      2    I       root             ?      [kworker/1:4-cgroup_bpf_destroy]
  371      1    S       root             ?      [multipathd]                    /usr/sbin/multipathd
  390      1    S       root             ?      [systemd-udevd]                 /usr/bin/udevadm
  396      2    S       root             ?      [psimon]
  464      2    S       root             ?      [irq/18-vmwgfx]
  465      2    I       root             ?      [kworker/R-ttm]
  531      2    S       root             ?      [jbd2/sda2-8]
  532      2    I       root             ?      [kworker/R-ext4-]
  566      1    S       systemd-netw     ?      [systemd-network]               /usr/lib/systemd/systemd-networkd
  583      1    S       systemd-reso     ?      [systemd-resolve]               /usr/lib/systemd/systemd-resolved
  585      1    S       systemd-time     ?      [systemd-timesyn]               /usr/lib/systemd/systemd-timesyncd
  610      2    I       root             ?      [kworker/0:3-cgroup_release]
  623      2    I       root             ?      [kworker/R-cfg80]
  696      1    S       messagebus       ?      [dbus-daemon]                   /usr/bin/dbus-daemon
  706      1    S       polkitd          ?      [polkitd]                       /usr/lib/polkit-1/polkitd
  733      1    S       root             ?      [systemd-logind]                /usr/lib/systemd/systemd-logind
  734      1    S       root             ?      [udisksd]                       /usr/libexec/udisks2/udisksd
  752      1    S       root             ?      [unattended-upgr]               /usr/bin/python3.12
  787      1    S       syslog           ?      [rsyslogd]                      /usr/sbin/rsyslogd
  819      2    I       root             ?      [kworker/u4:2]
  828      1    S       root             ?      [ModemManager]                  /usr/sbin/ModemManager
  903      1    S       root             ?      [cron]                          /usr/sbin/cron
  912      1    S       root            tty1    login                           /usr/bin/login
 1034      2    S       root             ?      [psimon]
 1036      1    S       user             ?      [systemd]                       /usr/lib/systemd/systemd
 1037   1036    S       user             ?      [(sd-pam)]                      /usr/lib/systemd/systemd-executor
 1050    912    S       user            tty1    bash                            /usr/bin/bash
 1059   1050    S       user            tty1    nano                            /usr/bin/nano
 1060      2    I       root             ?      [kworker/u6:4-events_power_efficient]
 1063      1    S       root             ?      [sshd]                          /usr/sbin/sshd
 1064   1063    S       root             ?      [sshd]                          /usr/sbin/sshd
 1110   1064    S       user             ?      [sshd]                          /usr/sbin/sshd
 1111   1110    S       user            pts/0   bash                            /usr/bin/bash
 1125   1111    S       user            pts/0   sudo                            /usr/bin/sudo
 1126   1125    S       user            pts/0   sudo                            /usr/bin/sudo
 1127   1126    S       root            pts/1   su                              /usr/bin/su
 1128   1127    S       root            pts/1   bash                            /usr/bin/bash
 1136   1063    S       root             ?      [sshd]                          /usr/sbin/sshd
 1182   1136    S       user             ?      [sshd]                          /usr/sbin/sshd
 1183   1182    S       user            pts/2   bash                            /usr/bin/bash
 1192   1183    S       user            pts/2   nano                            /usr/bin/nano
 1199   1128    S       root            pts/1   ps-2.sh                         /usr/bin/bash
